\BOOKMARK [1][]{section.1}{\376\377\000I\000n\000t\000r\000o\000d\000u\000c\000t\000i\000o\000n}{}% 1
\BOOKMARK [2][]{subsection.1.1}{\376\377\000R\000e\000l\000a\000t\000e\000d\000\040\000W\000o\000r\000k}{section.1}% 2
\BOOKMARK [3][]{subsubsection.1.1.1}{\376\377\000C\000r\000a\000c\000k\000\040\000S\000e\000g\000m\000e\000n\000t\000a\000t\000i\000o\000n\000\040\000f\000o\000r\000\040\000I\000n\000f\000r\000a\000s\000t\000r\000u\000c\000t\000u\000r\000e\000\040\000I\000n\000s\000p\000e\000c\000t\000i\000o\000n}{subsection.1.1}% 3
\BOOKMARK [3][]{subsubsection.1.1.2}{\376\377\000P\000r\000o\000m\000p\000t\000a\000b\000l\000e\000\040\000F\000o\000u\000n\000d\000a\000t\000i\000o\000n\000\040\000M\000o\000d\000e\000l\000s}{subsection.1.1}% 4
\BOOKMARK [3][]{subsubsection.1.1.3}{\376\377\000M\000u\000l\000t\000i\000-\000P\000r\000o\000m\000p\000t\000\040\000F\000u\000s\000i\000o\000n}{subsection.1.1}% 5
\BOOKMARK [1][]{section.2}{\376\377\000M\000a\000t\000e\000r\000i\000a\000l\000s\000\040\000a\000n\000d\000\040\000M\000e\000t\000h\000o\000d\000s}{}% 6
\BOOKMARK [2][]{subsection.2.1}{\376\377\000T\000a\000s\000k\000\040\000D\000e\000f\000i\000n\000i\000t\000i\000o\000n}{section.2}% 7
\BOOKMARK [2][]{subsection.2.2}{\376\377\000P\000r\000o\000m\000p\000t\000\040\000P\000r\000o\000t\000o\000c\000o\000l\000s}{section.2}% 8
\BOOKMARK [2][]{subsection.2.3}{\376\377\000P\000r\000o\000m\000p\000t\000\040\000G\000e\000n\000e\000r\000a\000t\000i\000o\000n}{section.2}% 9
\BOOKMARK [2][]{subsection.2.4}{\376\377\000A\000d\000a\000p\000t\000i\000v\000e\000\040\000M\000u\000l\000t\000i\000-\000P\000r\000o\000m\000p\000t\000\040\000F\000u\000s\000i\000o\000n}{section.2}% 10
\BOOKMARK [3][]{subsubsection.2.4.1}{\376\377\000I\000n\000d\000e\000p\000e\000n\000d\000e\000n\000t\000\040\000P\000r\000o\000m\000p\000t\000i\000n\000g}{subsection.2.4}% 11
\BOOKMARK [3][]{subsubsection.2.4.2}{\376\377\000G\000r\000o\000u\000n\000d\000-\000T\000r\000u\000t\000h\000-\000A\000s\000s\000i\000s\000t\000e\000d\000\040\000I\000n\000s\000t\000a\000n\000c\000e\000\040\000A\000l\000i\000g\000n\000m\000e\000n\000t}{subsection.2.4}% 12
\BOOKMARK [3][]{subsubsection.2.4.3}{\376\377\000C\000o\000n\000f\000i\000d\000e\000n\000c\000e\000-\000A\000w\000a\000r\000e\000\040\000F\000u\000s\000i\000o\000n}{subsection.2.4}% 13
\BOOKMARK [2][]{subsection.2.5}{\376\377\000E\000v\000a\000l\000u\000a\000t\000i\000o\000n\000\040\000M\000e\000t\000r\000i\000c\000s}{section.2}% 14
\BOOKMARK [2][]{subsection.2.6}{\376\377\000S\000t\000a\000t\000i\000s\000t\000i\000c\000a\000l\000\040\000A\000n\000a\000l\000y\000s\000i\000s}{section.2}% 15
\BOOKMARK [2][]{subsection.2.7}{\376\377\000E\000x\000p\000e\000r\000i\000m\000e\000n\000t\000a\000l\000\040\000S\000e\000t\000u\000p}{section.2}% 16
\BOOKMARK [3][]{subsubsection.2.7.1}{\376\377\000D\000a\000t\000a\000s\000e\000t\000s}{subsection.2.7}% 17
\BOOKMARK [3][]{subsubsection.2.7.2}{\376\377\000I\000m\000p\000l\000e\000m\000e\000n\000t\000a\000t\000i\000o\000n\000\040\000E\000n\000v\000i\000r\000o\000n\000m\000e\000n\000t}{subsection.2.7}% 18
\BOOKMARK [1][]{section.3}{\376\377\000R\000e\000s\000u\000l\000t\000s}{}% 19
\BOOKMARK [2][]{subsection.3.1}{\376\377\000D\000e\000p\000l\000o\000y\000a\000b\000l\000e\000\040\000T\000e\000x\000t\000\040\000P\000r\000o\000m\000p\000t\000i\000n\000g}{section.3}% 20
\BOOKMARK [2][]{subsection.3.2}{\376\377\000P\000o\000i\000n\000t\000\040\000P\000r\000o\000t\000o\000c\000o\000l\000\040\000C\000o\000r\000r\000e\000c\000t\000i\000o\000n}{section.3}% 21
\BOOKMARK [2][]{subsection.3.3}{\376\377\000A\000M\000P\000F\000\040\000a\000n\000d\000\040\000P\000r\000o\000m\000p\000t\000-\000M\000o\000d\000e\000\040\000C\000o\000m\000b\000i\000n\000a\000t\000i\000o\000n\000s}{section.3}% 22
\BOOKMARK [2][]{subsection.3.4}{\376\377\000A\000b\000l\000a\000t\000i\000o\000n\000\040\000S\000t\000u\000d\000y}{section.3}% 23
\BOOKMARK [2][]{subsection.3.5}{\376\377\000P\000a\000i\000r\000e\000d\000\040\000S\000t\000a\000t\000i\000s\000t\000i\000c\000a\000l\000\040\000C\000o\000m\000p\000a\000r\000i\000s\000o\000n\000s}{section.3}% 24
\BOOKMARK [2][]{subsection.3.6}{\376\377\000P\000r\000o\000t\000o\000c\000o\000l\000-\000S\000t\000r\000a\000t\000i\000f\000i\000e\000d\000\040\000C\000o\000m\000p\000a\000r\000i\000s\000o\000n\000\040\000w\000i\000t\000h\000\040\000S\000u\000p\000e\000r\000v\000i\000s\000e\000d\000\040\000B\000a\000s\000e\000l\000i\000n\000e\000s}{section.3}% 25
\BOOKMARK [2][]{subsection.3.7}{\376\377\000Q\000u\000a\000l\000i\000t\000a\000t\000i\000v\000e\000\040\000F\000a\000i\000l\000u\000r\000e\000\040\000M\000o\000d\000e\000\040\000A\000n\000a\000l\000y\000s\000i\000s}{section.3}% 26
\BOOKMARK [1][]{section.4}{\376\377\000D\000i\000s\000c\000u\000s\000s\000i\000o\000n}{}% 27
\BOOKMARK [2][]{subsection.4.1}{\376\377\000T\000e\000x\000t\000\040\000P\000r\000o\000m\000p\000t\000i\000n\000g\000\040\000a\000s\000\040\000t\000h\000e\000\040\000D\000e\000p\000l\000o\000y\000a\000b\000l\000e\000\040\000B\000a\000s\000e\000l\000i\000n\000e}{section.4}% 28
\BOOKMARK [2][]{subsection.4.2}{\376\377\000S\000p\000a\000t\000i\000a\000l\000\040\000P\000r\000o\000m\000p\000t\000s\000\040\000N\000e\000e\000d\000\040\000B\000e\000t\000t\000e\000r\000\040\000D\000e\000p\000l\000o\000y\000m\000e\000n\000t\000\040\000P\000r\000o\000t\000o\000c\000o\000l\000s}{section.4}% 29
\BOOKMARK [2][]{subsection.4.3}{\376\377\000A\000l\000i\000g\000n\000m\000e\000n\000t\000\040\000I\000s\000\040\000N\000e\000c\000e\000s\000s\000a\000r\000y\000\040\000b\000u\000t\000\040\000N\000o\000t\000\040\000S\000u\000f\000f\000i\000c\000i\000e\000n\000t}{section.4}% 30
\BOOKMARK [2][]{subsection.4.4}{\376\377\000M\000e\000a\000n\000\040\000F\000u\000s\000i\000o\000n\000\040\000I\000s\000\040\000a\000\040\000D\000i\000a\000g\000n\000o\000s\000t\000i\000c\000\040\000P\000o\000s\000i\000t\000i\000v\000e\000\040\000R\000e\000s\000u\000l\000t}{section.4}% 31
\BOOKMARK [2][]{subsection.4.5}{\376\377\000R\000e\000l\000e\000v\000a\000n\000c\000e\000\040\000t\000o\000\040\000A\000I\000-\000D\000r\000i\000v\000e\000n\000\040\000U\000r\000b\000a\000n\000\040\000D\000e\000v\000e\000l\000o\000p\000m\000e\000n\000t\000\040\000a\000n\000d\000\040\000S\000m\000a\000r\000t\000\040\000I\000n\000f\000r\000a\000s\000t\000r\000u\000c\000t\000u\000r\000e}{section.4}% 32
\BOOKMARK [1][]{section.5}{\376\377\000L\000i\000m\000i\000t\000a\000t\000i\000o\000n\000s}{}% 33
\BOOKMARK [1][]{section.6}{\376\377\000C\000o\000n\000c\000l\000u\000s\000i\000o\000n\000s}{}% 34
\BOOKMARK [1][]{section.7}{\376\377\000S\000u\000p\000p\000l\000e\000m\000e\000n\000t\000a\000r\000y\000\040\000M\000a\000t\000e\000r\000i\000a\000l\000s}{}% 35
\BOOKMARK [1][]{section.8}{\376\377\000A\000u\000t\000h\000o\000r\000\040\000C\000o\000n\000t\000r\000i\000b\000u\000t\000i\000o\000n\000s}{}% 36
\BOOKMARK [1][]{section.9}{\376\377\000F\000u\000n\000d\000i\000n\000g}{}% 37
\BOOKMARK [1][]{section.10}{\376\377\000I\000n\000s\000t\000i\000t\000u\000t\000i\000o\000n\000a\000l\000\040\000R\000e\000v\000i\000e\000w\000\040\000B\000o\000a\000r\000d\000\040\000S\000t\000a\000t\000e\000m\000e\000n\000t}{}% 38
\BOOKMARK [1][]{section.11}{\376\377\000I\000n\000f\000o\000r\000m\000e\000d\000\040\000C\000o\000n\000s\000e\000n\000t\000\040\000S\000t\000a\000t\000e\000m\000e\000n\000t}{}% 39
\BOOKMARK [1][]{section.12}{\376\377\000D\000a\000t\000a\000\040\000A\000v\000a\000i\000l\000a\000b\000i\000l\000i\000t\000y\000\040\000S\000t\000a\000t\000e\000m\000e\000n\000t}{}% 40
\BOOKMARK [1][]{section.13}{\376\377\000A\000c\000k\000n\000o\000w\000l\000e\000d\000g\000m\000e\000n\000t\000s}{}% 41
\BOOKMARK [1][]{section.14}{\376\377\000C\000o\000n\000f\000l\000i\000c\000t\000s\000\040\000o\000f\000\040\000I\000n\000t\000e\000r\000e\000s\000t}{}% 42
\BOOKMARK [1][]{section.15}{\376\377\000R\000e\000f\000e\000r\000e\000n\000c\000e\000s}{}% 43
